{"tool":"phpunit","result":"failed","tests":5,"passed":3,"assertions":9,"duration_ms":6262,"failed":2,"failures":[{"test":"Tests\\Feature\\AuthTest::test_registration_and_login","file":"C:\\laragon\\www\\PROJECT UAS\\tests\\Feature\\AuthTest.php","line":13,"message":"Expected response status code [201, 301, 302, 303, 307, 308] but received 500.\nFailed asserting that false is true."},{"test":"Tests\\Feature\\SubmissionFlowTest::test_student_submit_and_teacher_grade","file":"C:\\laragon\\www\\PROJECT UAS\\tests\\Feature\\SubmissionFlowTest.php","line":17,"message":"Expected response status code [201, 301, 302, 303, 307, 308] but received 500.\nFailed asserting that false is true."}]}
